Archive member included to satisfy reference by file (symbol)

/usr/lib/gcc/arm-none-eabi/5.4.1/../../../arm-none-eabi/lib/armv7e-m/fpu/libc_nano.a(lib_a-atexit.o)
                              /usr/lib/gcc/arm-none-eabi/5.4.1/../../../arm-none-eabi/lib/armv7e-m/fpu/crt0.o (atexit)
/usr/lib/gcc/arm-none-eabi/5.4.1/../../../arm-none-eabi/lib/armv7e-m/fpu/libc_nano.a(lib_a-exit.o)
                              /usr/lib/gcc/arm-none-eabi/5.4.1/../../../arm-none-eabi/lib/armv7e-m/fpu/crt0.o (exit)
/usr/lib/gcc/arm-none-eabi/5.4.1/../../../arm-none-eabi/lib/armv7e-m/fpu/libc_nano.a(lib_a-fini.o)
                              /usr/lib/gcc/arm-none-eabi/5.4.1/../../../arm-none-eabi/lib/armv7e-m/fpu/crt0.o (__libc_fini_array)
/usr/lib/gcc/arm-none-eabi/5.4.1/../../../arm-none-eabi/lib/armv7e-m/fpu/libc_nano.a(lib_a-impure.o)
                              /usr/lib/gcc/arm-none-eabi/5.4.1/../../../arm-none-eabi/lib/armv7e-m/fpu/libc_nano.a(lib_a-exit.o) (_global_impure_ptr)
/usr/lib/gcc/arm-none-eabi/5.4.1/../../../arm-none-eabi/lib/armv7e-m/fpu/libc_nano.a(lib_a-init.o)
                              /usr/lib/gcc/arm-none-eabi/5.4.1/../../../arm-none-eabi/lib/armv7e-m/fpu/crt0.o (__libc_init_array)
/usr/lib/gcc/arm-none-eabi/5.4.1/../../../arm-none-eabi/lib/armv7e-m/fpu/libc_nano.a(lib_a-memset.o)
                              /usr/lib/gcc/arm-none-eabi/5.4.1/../../../arm-none-eabi/lib/armv7e-m/fpu/crt0.o (memset)
/usr/lib/gcc/arm-none-eabi/5.4.1/../../../arm-none-eabi/lib/armv7e-m/fpu/libc_nano.a(lib_a-strlen.o)
                              build/lcd.o (strlen)
/usr/lib/gcc/arm-none-eabi/5.4.1/../../../arm-none-eabi/lib/armv7e-m/fpu/libc_nano.a(lib_a-__atexit.o)
                              /usr/lib/gcc/arm-none-eabi/5.4.1/../../../arm-none-eabi/lib/armv7e-m/fpu/libc_nano.a(lib_a-atexit.o) (__register_exitproc)
/usr/lib/gcc/arm-none-eabi/5.4.1/../../../arm-none-eabi/lib/armv7e-m/fpu/libc_nano.a(lib_a-__call_atexit.o)
                              /usr/lib/gcc/arm-none-eabi/5.4.1/../../../arm-none-eabi/lib/armv7e-m/fpu/libc_nano.a(lib_a-__atexit.o) (__call_exitprocs)
/usr/lib/gcc/arm-none-eabi/5.4.1/../../../arm-none-eabi/lib/armv7e-m/fpu/libnosys.a(_exit.o)
                              /usr/lib/gcc/arm-none-eabi/5.4.1/../../../arm-none-eabi/lib/armv7e-m/fpu/libc_nano.a(lib_a-exit.o) (_exit)
/usr/lib/gcc/arm-none-eabi/5.4.1/armv7e-m/fpu/libgcc.a(_aeabi_uldivmod.o)
                              build/stm32f4xx_hal_rcc.o (__aeabi_uldivmod)
/usr/lib/gcc/arm-none-eabi/5.4.1/armv7e-m/fpu/libgcc.a(_udivmoddi4.o)
                              /usr/lib/gcc/arm-none-eabi/5.4.1/armv7e-m/fpu/libgcc.a(_aeabi_uldivmod.o) (__udivmoddi4)
/usr/lib/gcc/arm-none-eabi/5.4.1/armv7e-m/fpu/libgcc.a(_dvmd_tls.o)
                              /usr/lib/gcc/arm-none-eabi/5.4.1/armv7e-m/fpu/libgcc.a(_aeabi_uldivmod.o) (__aeabi_ldiv0)

Allocating common symbols
Common symbol       size              file

uwTick              0x4               build/stm32f4xx_hal.o
pFlash              0x20              build/stm32f4xx_hal_flash.o
interface           0x5c              build/main.o
huart2              0x40              build/usart.o

Discarded input sections

 .text          0x00000000        0x0 /usr/lib/gcc/arm-none-eabi/5.4.1/armv7e-m/fpu/crti.o
 .data          0x00000000        0x0 /usr/lib/gcc/arm-none-eabi/5.4.1/armv7e-m/fpu/crti.o
 .bss           0x00000000        0x0 /usr/lib/gcc/arm-none-eabi/5.4.1/armv7e-m/fpu/crti.o
 .data          0x00000000        0x4 /usr/lib/gcc/arm-none-eabi/5.4.1/armv7e-m/fpu/crtbegin.o
 .text          0x00000000       0x68 /usr/lib/gcc/arm-none-eabi/5.4.1/../../../arm-none-eabi/lib/armv7e-m/fpu/crt0.o
 .data          0x00000000        0x0 /usr/lib/gcc/arm-none-eabi/5.4.1/../../../arm-none-eabi/lib/armv7e-m/fpu/crt0.o
 .bss           0x00000000        0x0 /usr/lib/gcc/arm-none-eabi/5.4.1/../../../arm-none-eabi/lib/armv7e-m/fpu/crt0.o
 .ARM.extab     0x00000000        0x0 /usr/lib/gcc/arm-none-eabi/5.4.1/../../../arm-none-eabi/lib/armv7e-m/fpu/crt0.o
 .ARM.exidx     0x00000000        0x8 /usr/lib/gcc/arm-none-eabi/5.4.1/../../../arm-none-eabi/lib/armv7e-m/fpu/crt0.o
 .debug_line    0x00000000       0x7e /usr/lib/gcc/arm-none-eabi/5.4.1/../../../arm-none-eabi/lib/armv7e-m/fpu/crt0.o
 .debug_info    0x00000000       0xa5 /usr/lib/gcc/arm-none-eabi/5.4.1/../../../arm-none-eabi/lib/armv7e-m/fpu/crt0.o
 .debug_abbrev  0x00000000       0x14 /usr/lib/gcc/arm-none-eabi/5.4.1/../../../arm-none-eabi/lib/armv7e-m/fpu/crt0.o
 .debug_aranges
                0x00000000       0x20 /usr/lib/gcc/arm-none-eabi/5.4.1/../../../arm-none-eabi/lib/armv7e-m/fpu/crt0.o
 .ARM.attributes
                0x00000000       0x20 /usr/lib/gcc/arm-none-eabi/5.4.1/../../../arm-none-eabi/lib/armv7e-m/fpu/crt0.o
 .text          0x00000000        0x0 build/stm32f4xx_hal_dma.o
 .data          0x00000000        0x0 build/stm32f4xx_hal_dma.o
 .bss           0x00000000        0x0 build/stm32f4xx_hal_dma.o
 .text.DMA_SetConfig
[...]
Memory Configuration

Name             Origin             Length             Attributes
RAM              0x20000000         0x00018000         xrw
FLASH            0x08000000         0x00080000         xr
*default*        0x00000000         0xffffffff

Linker script and memory map

LOAD /usr/lib/gcc/arm-none-eabi/5.4.1/armv7e-m/fpu/crti.o
LOAD /usr/lib/gcc/arm-none-eabi/5.4.1/armv7e-m/fpu/crtbegin.o
LOAD /usr/lib/gcc/arm-none-eabi/5.4.1/../../../arm-none-eabi/lib/armv7e-m/fpu/crt0.o
LOAD build/stm32f4xx_hal_dma.o
LOAD build/stm32f4xx_hal_uart.o
LOAD build/stm32f4xx_hal.o
LOAD build/stm32f4xx_hal_cortex.o
LOAD build/gpio.o
LOAD build/stm32f4xx_hal_pwr_ex.o
LOAD build/stm32f4xx_hal_flash.o
LOAD build/stm32f4xx_hal_pwr.o
LOAD build/main.o
LOAD build/usart.o
LOAD build/stm32f4xx_hal_rcc_ex.o
LOAD build/stm32f4xx_hal_gpio.o
LOAD build/system_stm32f4xx.o
LOAD build/stm32f4xx_hal_flash_ramfunc.o
LOAD build/stm32f4xx_hal_tim.o
LOAD build/stm32f4xx_hal_flash_ex.o
LOAD build/stm32f4xx_hal_rcc.o
LOAD build/stm32f4xx_hal_dma_ex.o
LOAD build/stm32f4xx_hal_tim_ex.o
LOAD build/stm32f4xx_hal_msp.o
LOAD build/lcd.o
LOAD build/stm32f4xx_it.o
LOAD build/startup_stm32f401xe.o
LOAD /usr/lib/gcc/arm-none-eabi/5.4.1/../../../arm-none-eabi/lib/armv7e-m/fpu/libc_nano.a
LOAD /usr/lib/gcc/arm-none-eabi/5.4.1/../../../arm-none-eabi/lib/armv7e-m/fpu/libm.a
LOAD /usr/lib/gcc/arm-none-eabi/5.4.1/../../../arm-none-eabi/lib/armv7e-m/fpu/libnosys.a
START GROUP
LOAD /usr/lib/gcc/arm-none-eabi/5.4.1/armv7e-m/fpu/libgcc.a
LOAD /usr/lib/gcc/arm-none-eabi/5.4.1/../../../arm-none-eabi/lib/armv7e-m/fpu/libc_nano.a
END GROUP
START GROUP
LOAD /usr/lib/gcc/arm-none-eabi/5.4.1/armv7e-m/fpu/libgcc.a
LOAD /usr/lib/gcc/arm-none-eabi/5.4.1/../../../arm-none-eabi/lib/armv7e-m/fpu/libc_nano.a
END GROUP
LOAD /usr/lib/gcc/arm-none-eabi/5.4.1/armv7e-m/fpu/crtend.o
LOAD /usr/lib/gcc/arm-none-eabi/5.4.1/armv7e-m/fpu/crtn.o
                0x20018000                _estack = 0x20018000
                0x00000200                _Min_Heap_Size = 0x200
                0x00000400                _Min_Stack_Size = 0x400

.isr_vector     0x08000000      0x194
                0x08000000                . = ALIGN (0x4)
 *(.isr_vector)
 .isr_vector    0x08000000      0x194 build/startup_stm32f401xe.o
                0x08000000                g_pfnVectors
                0x08000194                . = ALIGN (0x4)

.text           0x080001c0     0x1a78
                0x080001c0                . = ALIGN (0x4)
 *(.text)
 .text          0x080001c0       0xa4 /usr/lib/gcc/arm-none-eabi/5.4.1/armv7e-m/fpu/crtbegin.o
 .text          0x08000264       0x50 /usr/lib/gcc/arm-none-eabi/5.4.1/../../../arm-none-eabi/lib/armv7e-m/fpu/libc_nano.a(lib_a-init.o)
                0x08000264                __libc_init_array
 *fill*         0x080002b4        0xc 
 .text          0x080002c0       0xdc /usr/lib/gcc/arm-none-eabi/5.4.1/../../../arm-none-eabi/lib/armv7e-m/fpu/libc_nano.a(lib_a-strlen.o)
                0x080002c0                strlen
 .text          0x0800039c       0x30 /usr/lib/gcc/arm-none-eabi/5.4.1/armv7e-m/fpu/libgcc.a(_aeabi_uldivmod.o)
                0x0800039c                __aeabi_uldivmod
 .text          0x080003cc      0x2e4 /usr/lib/gcc/arm-none-eabi/5.4.1/armv7e-m/fpu/libgcc.a(_udivmoddi4.o)
                0x080003cc                __udivmoddi4
 .text          0x080006b0        0x4 /usr/lib/gcc/arm-none-eabi/5.4.1/armv7e-m/fpu/libgcc.a(_dvmd_tls.o)
                0x080006b0                __aeabi_ldiv0
                0x080006b0                __aeabi_idiv0
 *(.text*)
 .text.UART_SetConfig
                0x080006b4      0x32c build/stm32f4xx_hal_uart.o
 .text.HAL_UART_Init
                0x080009e0       0x64 build/stm32f4xx_hal_uart.o
                0x080009e0                HAL_UART_Init
 .text.HAL_InitTick
                0x08000a44       0x4c build/stm32f4xx_hal.o
                0x08000a44                HAL_InitTick
 .text.HAL_Init
                0x08000a90       0x34 build/stm32f4xx_hal.o
                0x08000a90                HAL_Init
 .text.HAL_IncTick
                0x08000ac4       0x18 build/stm32f4xx_hal.o
                0x08000ac4                HAL_IncTick
 .text.HAL_GetTick
                0x08000adc        0xc build/stm32f4xx_hal.o
                0x08000adc                HAL_GetTick
 .text.HAL_Delay
                0x08000ae8       0x28 build/stm32f4xx_hal.o
                0x08000ae8                HAL_Delay
 .text.HAL_NVIC_SetPriorityGrouping
                0x08000b10       0x24 build/stm32f4xx_hal_cortex.o
                0x08000b10                HAL_NVIC_SetPriorityGrouping
 .text.HAL_NVIC_SetPriority
                0x08000b34       0x64 build/stm32f4xx_hal_cortex.o
                0x08000b34                HAL_NVIC_SetPriority
 .text.HAL_NVIC_EnableIRQ
                0x08000b98       0x18 build/stm32f4xx_hal_cortex.o
                0x08000b98                HAL_NVIC_EnableIRQ
 .text.HAL_SYSTICK_Config
                0x08000bb0       0x2c build/stm32f4xx_hal_cortex.o
                0x08000bb0                HAL_SYSTICK_Config
 .text.HAL_SYSTICK_CLKSourceConfig
                0x08000bdc       0x20 build/stm32f4xx_hal_cortex.o
                0x08000bdc                HAL_SYSTICK_CLKSourceConfig
 .text.HAL_SYSTICK_Callback
                0x08000bfc        0x4 build/stm32f4xx_hal_cortex.o
                0x08000bfc                HAL_SYSTICK_Callback
 .text.HAL_SYSTICK_IRQHandler
                0x08000c00        0x8 build/stm32f4xx_hal_cortex.o
                0x08000c00                HAL_SYSTICK_IRQHandler
 .text.MX_GPIO_Init
                0x08000c08      0x19c build/gpio.o
                0x08000c08                MX_GPIO_Init
 .text._Error_Handler
                0x08000da4        0x4 build/main.o
                0x08000da4                _Error_Handler
 .text.SystemClock_Config
                0x08000da8       0xc4 build/main.o
                0x08000da8                SystemClock_Config
 .text.main     0x08000e6c       0x44 build/main.o
                0x08000e6c                main
 .text.MX_USART2_UART_Init
                0x08000eb0       0x3c build/usart.o
                0x08000eb0                MX_USART2_UART_Init
 .text.HAL_UART_MspInit
                0x08000eec       0x50 build/usart.o
                0x08000eec                HAL_UART_MspInit
 .text.HAL_GPIO_Init
                0x08000f3c      0x19c build/stm32f4xx_hal_gpio.o
                0x08000f3c                HAL_GPIO_Init
 .text.HAL_GPIO_DeInit
                0x080010d8       0xf4 build/stm32f4xx_hal_gpio.o
                0x080010d8                HAL_GPIO_DeInit
 .text.HAL_GPIO_ReadPin
                0x080011cc       0x10 build/stm32f4xx_hal_gpio.o
                0x080011cc                HAL_GPIO_ReadPin
 .text.HAL_GPIO_WritePin
                0x080011dc        0xc build/stm32f4xx_hal_gpio.o
                0x080011dc                HAL_GPIO_WritePin
 .text.HAL_GPIO_EXTI_IRQHandler
                0x080011e8       0x18 build/stm32f4xx_hal_gpio.o
                0x080011e8                HAL_GPIO_EXTI_IRQHandler
 .text.SystemInit
                0x08001200       0x4c build/system_stm32f4xx.o
                0x08001200                SystemInit
 .text.HAL_RCC_OscConfig
                0x0800124c      0x3c0 build/stm32f4xx_hal_rcc.o
                0x0800124c                HAL_RCC_OscConfig
 .text.HAL_RCC_GetSysClockFreq
                0x0800160c       0xcc build/stm32f4xx_hal_rcc.o
                0x0800160c                HAL_RCC_GetSysClockFreq
 .text.HAL_RCC_ClockConfig
                0x080016d8      0x160 build/stm32f4xx_hal_rcc.o
                0x080016d8                HAL_RCC_ClockConfig
 .text.HAL_RCC_GetHCLKFreq
                0x08001838        0xc build/stm32f4xx_hal_rcc.o
                0x08001838                HAL_RCC_GetHCLKFreq
 .text.HAL_RCC_GetPCLK1Freq
                0x08001844       0x20 build/stm32f4xx_hal_rcc.o
                0x08001844                HAL_RCC_GetPCLK1Freq
 .text.HAL_RCC_GetPCLK2Freq
                0x08001864       0x20 build/stm32f4xx_hal_rcc.o
                0x08001864                HAL_RCC_GetPCLK2Freq
 .text.HAL_MspInit
                0x08001884       0x60 build/stm32f4xx_hal_msp.o
                0x08001884                HAL_MspInit
 .text.LCDInterfaceInitialisation
                0x080018e4       0x64 build/lcd.o
                0x080018e4                LCDInterfaceInitialisation
 .text.PinChangeMode
                0x08001948       0x30 build/lcd.o
                0x08001948                PinChangeMode
 .text.OperationEnCours
                0x08001978       0x30 build/lcd.o
                0x08001978                OperationEnCours
 .text.LCDSendInstruction
                0x080019a8       0x78 build/lcd.o
                0x080019a8                LCDSendInstruction
 .text.LCDSendChar
                0x08001a20       0x20 build/lcd.o
                0x08001a20                LCDSendChar
 .text.LCDSendText
                0x08001a40       0x20 build/lcd.o
                0x08001a40                LCDSendText
 .text.InstructionFunctionSet
                0x08001a60       0x24 build/lcd.o
                0x08001a60                InstructionFunctionSet
 .text.InstructionFunctionSetStart
                0x08001a84       0x2c build/lcd.o
                0x08001a84                InstructionFunctionSetStart
 .text.InstructionDisplay
                0x08001ab0       0x20 build/lcd.o
                0x08001ab0                InstructionDisplay
 .text.InstructionClearDisplay
                0x08001ad0       0x14 build/lcd.o
                0x08001ad0                InstructionClearDisplay
 .text.InstructionReturnHome
                0x08001ae4       0x10 build/lcd.o
                0x08001ae4                InstructionReturnHome
 .text.LCDInit  0x08001af4       0x40 build/lcd.o
                0x08001af4                LCDInit
 .text.CursorDisplayShift
                0x08001b34       0x1c build/lcd.o
                0x08001b34                CursorDisplayShift
 .text.MoveCursor
                0x08001b50       0x20 build/lcd.o
                0x08001b50                MoveCursor
 .text.SysTick_Handler
                0x08001b70        0xc build/stm32f4xx_it.o
                0x08001b70                SysTick_Handler
 .text.EXTI9_5_IRQHandler
                0x08001b7c        0xc build/stm32f4xx_it.o
                0x08001b7c                EXTI9_5_IRQHandler
 .text.HAL_GPIO_EXTI_Callback
                0x08001b88       0x44 build/stm32f4xx_it.o
                0x08001b88                HAL_GPIO_EXTI_Callback
 .text.Reset_Handler
                0x08001bcc       0x50 build/startup_stm32f401xe.o
                0x08001bcc                Reset_Handler
 .text.Default_Handler
                0x08001c1c        0x2 build/startup_stm32f401xe.o
                0x08001c1c                RTC_Alarm_IRQHandler
                0x08001c1c                EXTI2_IRQHandler
                0x08001c1c                DebugMon_Handler
                0x08001c1c                SPI4_IRQHandler
                0x08001c1c                TIM1_CC_IRQHandler
                0x08001c1c                DMA2_Stream5_IRQHandler
                0x08001c1c                HardFault_Handler
                0x08001c1c                DMA1_Stream5_IRQHandler
                0x08001c1c                PVD_IRQHandler
                0x08001c1c                SDIO_IRQHandler
                0x08001c1c                TAMP_STAMP_IRQHandler
                0x08001c1c                PendSV_Handler
                0x08001c1c                NMI_Handler
                0x08001c1c                EXTI3_IRQHandler
                0x08001c1c                TIM1_UP_TIM10_IRQHandler
                0x08001c1c                I2C3_ER_IRQHandler
                0x08001c1c                EXTI0_IRQHandler
                0x08001c1c                I2C2_EV_IRQHandler
                0x08001c1c                DMA1_Stream2_IRQHandler
                0x08001c1c                FPU_IRQHandler
                0x08001c1c                UsageFault_Handler
                0x08001c1c                DMA2_Stream2_IRQHandler
                0x08001c1c                SPI1_IRQHandler
                0x08001c1c                TIM1_BRK_TIM9_IRQHandler
                0x08001c1c                DMA2_Stream3_IRQHandler
                0x08001c1c                USART6_IRQHandler
                0x08001c1c                DMA2_Stream0_IRQHandler
                0x08001c1c                TIM4_IRQHandler
                0x08001c1c                I2C1_EV_IRQHandler
                0x08001c1c                DMA1_Stream6_IRQHandler
                0x08001c1c                DMA1_Stream1_IRQHandler
                0x08001c1c                TIM3_IRQHandler
                0x08001c1c                RCC_IRQHandler
                0x08001c1c                Default_Handler
                0x08001c1c                EXTI15_10_IRQHandler
                0x08001c1c                ADC_IRQHandler
                0x08001c1c                DMA1_Stream7_IRQHandler
                0x08001c1c                TIM5_IRQHandler
                0x08001c1c                DMA2_Stream7_IRQHandler
                0x08001c1c                I2C3_EV_IRQHandler
                0x08001c1c                RTC_WKUP_IRQHandler
                0x08001c1c                SPI2_IRQHandler
                0x08001c1c                MemManage_Handler
                0x08001c1c                DMA1_Stream0_IRQHandler
                0x08001c1c                SVC_Handler
                0x08001c1c                EXTI4_IRQHandler
                0x08001c1c                WWDG_IRQHandler
                0x08001c1c                TIM2_IRQHandler
                0x08001c1c                OTG_FS_WKUP_IRQHandler
                0x08001c1c                TIM1_TRG_COM_TIM11_IRQHandler
                0x08001c1c                EXTI1_IRQHandler
                0x08001c1c                USART2_IRQHandler
                0x08001c1c                I2C2_ER_IRQHandler
                0x08001c1c                DMA2_Stream1_IRQHandler
                0x08001c1c                FLASH_IRQHandler
                0x08001c1c                DMA2_Stream4_IRQHandler
                0x08001c1c                BusFault_Handler
                0x08001c1c                USART1_IRQHandler
                0x08001c1c                OTG_FS_IRQHandler
                0x08001c1c                SPI3_IRQHandler
                0x08001c1c                DMA1_Stream4_IRQHandler
                0x08001c1c                I2C1_ER_IRQHandler
                0x08001c1c                DMA2_Stream6_IRQHandler
                0x08001c1c                DMA1_Stream3_IRQHandler
 *(.glue_7)
 .glue_7        0x08001c1e        0x0 linker stubs
 *(.glue_7t)
 .glue_7t       0x08001c1e        0x0 linker stubs
 *(.eh_frame)
 *fill*         0x08001c1e        0x2 
 .eh_frame      0x08001c20        0x0 /usr/lib/gcc/arm-none-eabi/5.4.1/armv7e-m/fpu/crtbegin.o
 *(.init)
 .init          0x08001c20        0x4 /usr/lib/gcc/arm-none-eabi/5.4.1/armv7e-m/fpu/crti.o
                0x08001c20                _init
 .init          0x08001c24        0x8 /usr/lib/gcc/arm-none-eabi/5.4.1/armv7e-m/fpu/crtn.o
 *(.fini)
 .fini          0x08001c2c        0x4 /usr/lib/gcc/arm-none-eabi/5.4.1/armv7e-m/fpu/crti.o
                0x08001c2c                _fini
 .fini          0x08001c30        0x8 /usr/lib/gcc/arm-none-eabi/5.4.1/armv7e-m/fpu/crtn.o
                0x08001c38                . = ALIGN (0x4)
                0x08001c38                _etext = .

.vfp11_veneer   0x08001c38        0x0
 .vfp11_veneer  0x08001c38        0x0 linker stubs

.v4_bx          0x08001c38        0x0
 .v4_bx         0x08001c38        0x0 linker stubs

.iplt           0x08001c38        0x0
 .iplt          0x08001c38        0x0 /usr/lib/gcc/arm-none-eabi/5.4.1/armv7e-m/fpu/crtbegin.o

.rodata         0x08001c38       0x54
                0x08001c38                . = ALIGN (0x4)
 *(.rodata)
 .rodata        0x08001c38        0xa build/main.o
 *(.rodata*)
 *fill*         0x08001c42        0x2 
 .rodata.str1.4
                0x08001c44       0x21 build/main.o
 *fill*         0x08001c65        0x3 
 .rodata.str1.4
                0x08001c68        0xc build/usart.o
 .rodata.AHBPrescTable
                0x08001c74       0x10 build/system_stm32f4xx.o
                0x08001c74                AHBPrescTable
 .rodata.APBPrescTable
                0x08001c84        0x8 build/system_stm32f4xx.o
                0x08001c84                APBPrescTable
                0x08001c8c                . = ALIGN (0x4)

.ARM.extab
 *(.ARM.extab* .gnu.linkonce.armextab.*)

.ARM            0x08001c8c        0x8
                0x08001c8c                __exidx_start = .
 *(.ARM.exidx*)
 .ARM.exidx     0x08001c8c        0x8 /usr/lib/gcc/arm-none-eabi/5.4.1/armv7e-m/fpu/libgcc.a(_udivmoddi4.o)
                0x08001c94                __exidx_end = .

.rel.dyn        0x08001c94        0x0
 .rel.iplt      0x08001c94        0x0 /usr/lib/gcc/arm-none-eabi/5.4.1/armv7e-m/fpu/crtbegin.o

.preinit_array  0x08001c94        0x0
                0x08001c94                PROVIDE (__preinit_array_start, .)
 *(.preinit_array*)
                0x08001c94                PROVIDE (__preinit_array_end, .)

.init_array     0x08001c94        0x4
                0x08001c94                PROVIDE (__init_array_start, .)
 *(SORT(.init_array.*))
 *(.init_array*)
 .init_array    0x08001c94        0x4 /usr/lib/gcc/arm-none-eabi/5.4.1/armv7e-m/fpu/crtbegin.o
                0x08001c98                PROVIDE (__init_array_end, .)

.fini_array     0x08001c98        0x4
                0x08001c98                PROVIDE (__fini_array_start, .)
 *(SORT(.fini_array.*))
 *(.fini_array*)
 .fini_array    0x08001c98        0x4 /usr/lib/gcc/arm-none-eabi/5.4.1/armv7e-m/fpu/crtbegin.o
                0x08001c9c                PROVIDE (__fini_array_end, .)
                0x08001c9c                _sidata = LOADADDR (.data)

.data           0x20000000        0xc load address 0x08001c9c
                0x20000000                . = ALIGN (0x4)
                0x20000000                _sdata = .
 *(.data)
 *(.data*)
 .data.uwTickPrio
                0x20000000        0x4 build/stm32f4xx_hal.o
                0x20000000                uwTickPrio
 .data.uwTickFreq
                0x20000004        0x1 build/stm32f4xx_hal.o
                0x20000004                uwTickFreq
 *fill*         0x20000005        0x3 
 .data.SystemCoreClock
                0x20000008        0x4 build/system_stm32f4xx.o
                0x20000008                SystemCoreClock
                0x2000000c                . = ALIGN (0x4)
                0x2000000c                _edata = .

.jcr            0x2000000c        0x0 load address 0x08001ca8
 .jcr           0x2000000c        0x0 /usr/lib/gcc/arm-none-eabi/5.4.1/armv7e-m/fpu/crtbegin.o

.tm_clone_table
                0x2000000c        0x0 load address 0x08001ca8
 .tm_clone_table
                0x2000000c        0x0 /usr/lib/gcc/arm-none-eabi/5.4.1/armv7e-m/fpu/crtbegin.o
 .tm_clone_table
                0x2000000c        0x0 /usr/lib/gcc/arm-none-eabi/5.4.1/armv7e-m/fpu/crtend.o

.igot.plt       0x2000000c        0x0 load address 0x08001ca8
 .igot.plt      0x2000000c        0x0 /usr/lib/gcc/arm-none-eabi/5.4.1/armv7e-m/fpu/crtbegin.o
                0x2000000c                . = ALIGN (0x4)

.bss            0x2000000c       0xbc load address 0x08001ca8
                0x2000000c                _sbss = .
                0x2000000c                __bss_start__ = _sbss
 *(.bss)
 .bss           0x2000000c       0x1c /usr/lib/gcc/arm-none-eabi/5.4.1/armv7e-m/fpu/crtbegin.o
 *(.bss*)
 *(COMMON)
 COMMON         0x20000028        0x4 build/stm32f4xx_hal.o
                0x20000028                uwTick
 COMMON         0x2000002c       0x5c build/main.o
                0x2000002c                interface
 COMMON         0x20000088       0x40 build/usart.o
                0x20000088                huart2
                0x200000c8                . = ALIGN (0x4)
                0x200000c8                _ebss = .
                0x200000c8                __bss_end__ = _ebss

._user_heap_stack
                0x200000c8      0x600 load address 0x08001ca8
                0x200000c8                . = ALIGN (0x8)
                [!provide]                PROVIDE (end, .)
                [!provide]                PROVIDE (_end, .)
                0x200002c8                . = (. + _Min_Heap_Size)
 *fill*         0x200000c8      0x200 
                0x200006c8                . = (. + _Min_Stack_Size)
 *fill*         0x200002c8      0x400 
                0x200006c8                . = ALIGN (0x8)

/DISCARD/
 libc.a(*)
 libm.a(*)
 libgcc.a(*)

.ARM.attributes
                0x00000000       0x30
 *(.ARM.attributes)
 .ARM.attributes
                0x00000000       0x22 /usr/lib/gcc/arm-none-eabi/5.4.1/armv7e-m/fpu/crti.o
 .ARM.attributes
                0x00000022       0x34 /usr/lib/gcc/arm-none-eabi/5.4.1/armv7e-m/fpu/crtbegin.o
 .ARM.attributes
                0x00000056       0x39 build/stm32f4xx_hal_uart.o
 .ARM.attributes
                0x0000008f       0x39 build/stm32f4xx_hal.o
 .ARM.attributes
                0x000000c8       0x39 build/stm32f4xx_hal_cortex.o
 .ARM.attributes
                0x00000101       0x39 build/gpio.o
 .ARM.attributes
                0x0000013a       0x39 build/main.o
 .ARM.attributes
                0x00000173       0x39 build/usart.o
 .ARM.attributes
                0x000001ac       0x39 build/stm32f4xx_hal_gpio.o
 .ARM.attributes
                0x000001e5       0x39 build/system_stm32f4xx.o
 .ARM.attributes
                0x0000021e       0x39 build/stm32f4xx_hal_rcc.o
 .ARM.attributes
                0x00000257       0x39 build/stm32f4xx_hal_msp.o
 .ARM.attributes
                0x00000290       0x39 build/lcd.o
 .ARM.attributes
                0x000002c9       0x39 build/stm32f4xx_it.o
 .ARM.attributes
                0x00000302       0x21 build/startup_stm32f401xe.o
 .ARM.attributes
                0x00000323       0x34 /usr/lib/gcc/arm-none-eabi/5.4.1/../../../arm-none-eabi/lib/armv7e-m/fpu/libc_nano.a(lib_a-init.o)
 .ARM.attributes
                0x00000357       0x20 /usr/lib/gcc/arm-none-eabi/5.4.1/../../../arm-none-eabi/lib/armv7e-m/fpu/libc_nano.a(lib_a-strlen.o)
 .ARM.attributes
                0x00000377       0x22 /usr/lib/gcc/arm-none-eabi/5.4.1/armv7e-m/fpu/libgcc.a(_aeabi_uldivmod.o)
 .ARM.attributes
                0x00000399       0x34 /usr/lib/gcc/arm-none-eabi/5.4.1/armv7e-m/fpu/libgcc.a(_udivmoddi4.o)
 .ARM.attributes
                0x000003cd       0x22 /usr/lib/gcc/arm-none-eabi/5.4.1/armv7e-m/fpu/libgcc.a(_dvmd_tls.o)
 .ARM.attributes
                0x000003ef       0x34 /usr/lib/gcc/arm-none-eabi/5.4.1/armv7e-m/fpu/crtend.o
 .ARM.attributes
                0x00000423       0x22 /usr/lib/gcc/arm-none-eabi/5.4.1/armv7e-m/fpu/crtn.o
OUTPUT(build/Test.elf elf32-littlearm)

.comment        0x00000000       0x2b
 .comment       0x00000000       0x2b /usr/lib/gcc/arm-none-eabi/5.4.1/armv7e-m/fpu/crtbegin.o
                                 0x2c (size before relaxing)
 .comment       0x0000002b       0x2c build/stm32f4xx_hal_uart.o
 .comment       0x0000002b       0x2c build/stm32f4xx_hal.o
 .comment       0x0000002b       0x2c build/stm32f4xx_hal_cortex.o
 .comment       0x0000002b       0x2c build/gpio.o
 .comment       0x0000002b       0x2c build/main.o
 .comment       0x0000002b       0x2c build/usart.o
 .comment       0x0000002b       0x2c build/stm32f4xx_hal_gpio.o
 .comment       0x0000002b       0x2c build/system_stm32f4xx.o
 .comment       0x0000002b       0x2c build/stm32f4xx_hal_rcc.o
 .comment       0x0000002b       0x2c build/stm32f4xx_hal_msp.o
 .comment       0x0000002b       0x2c build/lcd.o
 .comment       0x0000002b       0x2c build/stm32f4xx_it.o
 .comment       0x0000002b       0x2c /usr/lib/gcc/arm-none-eabi/5.4.1/../../../arm-none-eabi/lib/armv7e-m/fpu/libc_nano.a(lib_a-init.o)
 .comment       0x0000002b       0x2c /usr/lib/gcc/arm-none-eabi/5.4.1/armv7e-m/fpu/libgcc.a(_udivmoddi4.o)
 .comment       0x0000002b       0x2c /usr/lib/gcc/arm-none-eabi/5.4.1/armv7e-m/fpu/crtend.o

.debug_info     0x00000000     0x7fb0
 .debug_info    0x00000000     0x181e build/stm32f4xx_hal_uart.o
 .debug_info    0x0000181e      0x9cc build/stm32f4xx_hal.o
 .debug_info    0x000021ea      0xf53 build/stm32f4xx_hal_cortex.o
 .debug_info    0x0000313d      0x82f build/gpio.o
 .debug_info    0x0000396c      0xa4b build/main.o
 .debug_info    0x000043b7      0xa39 build/usart.o
 .debug_info    0x00004df0      0x7ed build/stm32f4xx_hal_gpio.o
 .debug_info    0x000055dd      0x5a6 build/system_stm32f4xx.o
 .debug_info    0x00005b83      0xb51 build/stm32f4xx_hal_rcc.o
 .debug_info    0x000066d4      0x353 build/stm32f4xx_hal_msp.o
 .debug_info    0x00006a27      0x9da build/lcd.o
 .debug_info    0x00007401      0x3bf build/stm32f4xx_it.o
 .debug_info    0x000077c0       0x68 build/startup_stm32f401xe.o
 .debug_info    0x00007828      0x110 /usr/lib/gcc/arm-none-eabi/5.4.1/../../../arm-none-eabi/lib/armv7e-m/fpu/libc_nano.a(lib_a-init.o)
 .debug_info    0x00007938       0xce /usr/lib/gcc/arm-none-eabi/5.4.1/../../../arm-none-eabi/lib/armv7e-m/fpu/libc_nano.a(lib_a-strlen.o)
 .debug_info    0x00007a06       0xbd /usr/lib/gcc/arm-none-eabi/5.4.1/armv7e-m/fpu/libgcc.a(_aeabi_uldivmod.o)
 .debug_info    0x00007ac3      0x42c /usr/lib/gcc/arm-none-eabi/5.4.1/armv7e-m/fpu/libgcc.a(_udivmoddi4.o)
 .debug_info    0x00007eef       0xc1 /usr/lib/gcc/arm-none-eabi/5.4.1/armv7e-m/fpu/libgcc.a(_dvmd_tls.o)

.debug_abbrev   0x00000000     0x18b7
 .debug_abbrev  0x00000000      0x2cd build/stm32f4xx_hal_uart.o
 .debug_abbrev  0x000002cd      0x23d build/stm32f4xx_hal.o
 .debug_abbrev  0x0000050a      0x313 build/stm32f4xx_hal_cortex.o
 .debug_abbrev  0x0000081d      0x163 build/gpio.o
 .debug_abbrev  0x00000980      0x1ed build/main.o
 .debug_abbrev  0x00000b6d      0x1a9 build/usart.o
 .debug_abbrev  0x00000d16      0x202 build/stm32f4xx_hal_gpio.o
 .debug_abbrev  0x00000f18      0x103 build/system_stm32f4xx.o
 .debug_abbrev  0x0000101b      0x28b build/stm32f4xx_hal_rcc.o
 .debug_abbrev  0x000012a6       0xc2 build/stm32f4xx_hal_msp.o
 .debug_abbrev  0x00001368      0x1c7 build/lcd.o
 .debug_abbrev  0x0000152f      0x17f build/stm32f4xx_it.o
 .debug_abbrev  0x000016ae       0x12 build/startup_stm32f401xe.o
 .debug_abbrev  0x000016c0       0xba /usr/lib/gcc/arm-none-eabi/5.4.1/../../../arm-none-eabi/lib/armv7e-m/fpu/libc_nano.a(lib_a-init.o)
 .debug_abbrev  0x0000177a       0x14 /usr/lib/gcc/arm-none-eabi/5.4.1/../../../arm-none-eabi/lib/armv7e-m/fpu/libc_nano.a(lib_a-strlen.o)
 .debug_abbrev  0x0000178e       0x14 /usr/lib/gcc/arm-none-eabi/5.4.1/armv7e-m/fpu/libgcc.a(_aeabi_uldivmod.o)
 .debug_abbrev  0x000017a2      0x101 /usr/lib/gcc/arm-none-eabi/5.4.1/armv7e-m/fpu/libgcc.a(_udivmoddi4.o)
 .debug_abbrev  0x000018a3       0x14 /usr/lib/gcc/arm-none-eabi/5.4.1/armv7e-m/fpu/libgcc.a(_dvmd_tls.o)

.debug_loc      0x00000000     0x42ae
 .debug_loc     0x00000000     0x1822 build/stm32f4xx_hal_uart.o
 .debug_loc     0x00001822      0x1a8 build/stm32f4xx_hal.o
 .debug_loc     0x000019ca      0x5c0 build/stm32f4xx_hal_cortex.o
 .debug_loc     0x00001f8a       0x39 build/gpio.o
 .debug_loc     0x00001fc3       0x65 build/main.o
 .debug_loc     0x00002028       0xd1 build/usart.o
 .debug_loc     0x000020f9      0x43e build/stm32f4xx_hal_gpio.o
 .debug_loc     0x00002537      0x132 build/system_stm32f4xx.o
 .debug_loc     0x00002669      0x5c1 build/stm32f4xx_hal_rcc.o
 .debug_loc     0x00002c2a       0x20 build/stm32f4xx_hal_msp.o
 .debug_loc     0x00002c4a      0x68a build/lcd.o
 .debug_loc     0x000032d4       0x98 build/stm32f4xx_it.o
 .debug_loc     0x0000336c       0xae /usr/lib/gcc/arm-none-eabi/5.4.1/../../../arm-none-eabi/lib/armv7e-m/fpu/libc_nano.a(lib_a-init.o)
 .debug_loc     0x0000341a      0xe94 /usr/lib/gcc/arm-none-eabi/5.4.1/armv7e-m/fpu/libgcc.a(_udivmoddi4.o)

.debug_aranges  0x00000000      0x698
 .debug_aranges
                0x00000000      0x1d0 build/stm32f4xx_hal_uart.o
 .debug_aranges
                0x000001d0       0xe0 build/stm32f4xx_hal.o
 .debug_aranges
                0x000002b0       0xa8 build/stm32f4xx_hal_cortex.o
 .debug_aranges
                0x00000358       0x20 build/gpio.o
 .debug_aranges
                0x00000378       0x30 build/main.o
 .debug_aranges
                0x000003a8       0x30 build/usart.o
 .debug_aranges
                0x000003d8       0x58 build/stm32f4xx_hal_gpio.o
 .debug_aranges
                0x00000430       0x28 build/system_stm32f4xx.o
 .debug_aranges
                0x00000458       0x88 build/stm32f4xx_hal_rcc.o
 .debug_aranges
                0x000004e0       0x20 build/stm32f4xx_hal_msp.o
 .debug_aranges
                0x00000500       0xa0 build/lcd.o
 .debug_aranges
                0x000005a0       0x30 build/stm32f4xx_it.o
 .debug_aranges
                0x000005d0       0x28 build/startup_stm32f401xe.o
 .debug_aranges
                0x000005f8       0x20 /usr/lib/gcc/arm-none-eabi/5.4.1/../../../arm-none-eabi/lib/armv7e-m/fpu/libc_nano.a(lib_a-init.o)
 .debug_aranges
                0x00000618       0x20 /usr/lib/gcc/arm-none-eabi/5.4.1/../../../arm-none-eabi/lib/armv7e-m/fpu/libc_nano.a(lib_a-strlen.o)
 .debug_aranges
                0x00000638       0x20 /usr/lib/gcc/arm-none-eabi/5.4.1/armv7e-m/fpu/libgcc.a(_aeabi_uldivmod.o)
 .debug_aranges
                0x00000658       0x20 /usr/lib/gcc/arm-none-eabi/5.4.1/armv7e-m/fpu/libgcc.a(_udivmoddi4.o)
 .debug_aranges
                0x00000678       0x20 /usr/lib/gcc/arm-none-eabi/5.4.1/armv7e-m/fpu/libgcc.a(_dvmd_tls.o)

.debug_ranges   0x00000000      0x620
 .debug_ranges  0x00000000      0x1c0 build/stm32f4xx_hal_uart.o
 .debug_ranges  0x000001c0       0xd0 build/stm32f4xx_hal.o
 .debug_ranges  0x00000290       0x98 build/stm32f4xx_hal_cortex.o
 .debug_ranges  0x00000328       0x10 build/gpio.o
 .debug_ranges  0x00000338       0x20 build/main.o
 .debug_ranges  0x00000358       0x20 build/usart.o
 .debug_ranges  0x00000378       0x48 build/stm32f4xx_hal_gpio.o
 .debug_ranges  0x000003c0       0x18 build/system_stm32f4xx.o
 .debug_ranges  0x000003d8       0x90 build/stm32f4xx_hal_rcc.o
 .debug_ranges  0x00000468       0x10 build/stm32f4xx_hal_msp.o
 .debug_ranges  0x00000478       0x90 build/lcd.o
 .debug_ranges  0x00000508       0x20 build/stm32f4xx_it.o
 .debug_ranges  0x00000528       0x20 build/startup_stm32f401xe.o
 .debug_ranges  0x00000548       0xd8 /usr/lib/gcc/arm-none-eabi/5.4.1/armv7e-m/fpu/libgcc.a(_udivmoddi4.o)

.debug_line     0x00000000     0x285b
 .debug_line    0x00000000      0xa47 build/stm32f4xx_hal_uart.o
 .debug_line    0x00000a47      0x368 build/stm32f4xx_hal.o
 .debug_line    0x00000daf      0x363 build/stm32f4xx_hal_cortex.o
 .debug_line    0x00001112      0x178 build/gpio.o
 .debug_line    0x0000128a      0x1e7 build/main.o
 .debug_line    0x00001471      0x1b6 build/usart.o
 .debug_line    0x00001627      0x2c3 build/stm32f4xx_hal_gpio.o
 .debug_line    0x000018ea      0x126 build/system_stm32f4xx.o
 .debug_line    0x00001a10      0x444 build/stm32f4xx_hal_rcc.o
 .debug_line    0x00001e54      0x13e build/stm32f4xx_hal_msp.o
 .debug_line    0x00001f92      0x2f3 build/lcd.o
 .debug_line    0x00002285      0x192 build/stm32f4xx_it.o
 .debug_line    0x00002417       0x74 build/startup_stm32f401xe.o
 .debug_line    0x0000248b       0xb8 /usr/lib/gcc/arm-none-eabi/5.4.1/../../../arm-none-eabi/lib/armv7e-m/fpu/libc_nano.a(lib_a-init.o)
 .debug_line    0x00002543       0xac /usr/lib/gcc/arm-none-eabi/5.4.1/../../../arm-none-eabi/lib/armv7e-m/fpu/libc_nano.a(lib_a-strlen.o)
 .debug_line    0x000025ef       0x61 /usr/lib/gcc/arm-none-eabi/5.4.1/armv7e-m/fpu/libgcc.a(_aeabi_uldivmod.o)
 .debug_line    0x00002650      0x1aa /usr/lib/gcc/arm-none-eabi/5.4.1/armv7e-m/fpu/libgcc.a(_udivmoddi4.o)
 .debug_line    0x000027fa       0x61 /usr/lib/gcc/arm-none-eabi/5.4.1/armv7e-m/fpu/libgcc.a(_dvmd_tls.o)

.debug_str      0x00000000     0x21e9
 .debug_str     0x00000000      0xb12 build/stm32f4xx_hal_uart.o
                                0xbdb (size before relaxing)
 .debug_str     0x00000b12      0x7e8 build/stm32f4xx_hal.o
                                0x9da (size before relaxing)
 .debug_str     0x000012fa      0x3c7 build/stm32f4xx_hal_cortex.o
                                0xaa1 (size before relaxing)
 .debug_str     0x000016c1       0xbc build/gpio.o
                                0x726 (size before relaxing)
 .debug_str     0x0000177d      0x268 build/main.o
                                0x976 (size before relaxing)
 .debug_str     0x000019e5       0x2e build/usart.o
                                0x7c9 (size before relaxing)
 .debug_str     0x00001a13      0x125 build/stm32f4xx_hal_gpio.o
                                0x4eb (size before relaxing)
 .debug_str     0x00001b38       0x6f build/system_stm32f4xx.o
                                0x37b (size before relaxing)
 .debug_str     0x00001ba7      0x13c build/stm32f4xx_hal_rcc.o
                                0x6ea (size before relaxing)
 .debug_str     0x00001ce3       0x18 build/stm32f4xx_hal_msp.o
                                0x556 (size before relaxing)
 .debug_str     0x00001cfb      0x159 build/lcd.o
                                0x474 (size before relaxing)
 .debug_str     0x00001e54       0x36 build/stm32f4xx_it.o
                                0x341 (size before relaxing)
 .debug_str     0x00001e8a      0x1a3 /usr/lib/gcc/arm-none-eabi/5.4.1/../../../arm-none-eabi/lib/armv7e-m/fpu/libc_nano.a(lib_a-init.o)
                                0x241 (size before relaxing)
 .debug_str     0x0000202d      0x1bc /usr/lib/gcc/arm-none-eabi/5.4.1/armv7e-m/fpu/libgcc.a(_udivmoddi4.o)
                                0x251 (size before relaxing)

.debug_frame    0x00000000      0xfa0
 .debug_frame   0x00000000      0x574 build/stm32f4xx_hal_uart.o
 .debug_frame   0x00000574      0x1e0 build/stm32f4xx_hal.o
 .debug_frame   0x00000754      0x164 build/stm32f4xx_hal_cortex.o
 .debug_frame   0x000008b8       0x44 build/gpio.o
 .debug_frame   0x000008fc       0x5c build/main.o
 .debug_frame   0x00000958       0x6c build/usart.o
 .debug_frame   0x000009c4       0xd4 build/stm32f4xx_hal_gpio.o
 .debug_frame   0x00000a98       0x30 build/system_stm32f4xx.o
 .debug_frame   0x00000ac8      0x19c build/stm32f4xx_hal_rcc.o
 .debug_frame   0x00000c64       0x2c build/stm32f4xx_hal_msp.o
 .debug_frame   0x00000c90      0x21c build/lcd.o
 .debug_frame   0x00000eac       0x68 build/stm32f4xx_it.o
 .debug_frame   0x00000f14       0x2c /usr/lib/gcc/arm-none-eabi/5.4.1/../../../arm-none-eabi/lib/armv7e-m/fpu/libc_nano.a(lib_a-init.o)
 .debug_frame   0x00000f40       0x2c /usr/lib/gcc/arm-none-eabi/5.4.1/armv7e-m/fpu/libgcc.a(_aeabi_uldivmod.o)
 .debug_frame   0x00000f6c       0x34 /usr/lib/gcc/arm-none-eabi/5.4.1/armv7e-m/fpu/libgcc.a(_udivmoddi4.o)

Cross Reference Table

Symbol                                            File
ADC_IRQHandler                                    build/startup_stm32f401xe.o
AHBPrescTable                                     build/system_stm32f4xx.o
                                                  build/stm32f4xx_hal_rcc.o
APBPrescTable                                     build/system_stm32f4xx.o
                                                  build/stm32f4xx_hal_rcc.o
BusFault_Handler                                  build/startup_stm32f401xe.o
CursorDisplayShift                                build/lcd.o
DMA1_Stream0_IRQHandler                           build/startup_stm32f401xe.o
DMA1_Stream1_IRQHandler                           build/startup_stm32f401xe.o
DMA1_Stream2_IRQHandler                           build/startup_stm32f401xe.o
DMA1_Stream3_IRQHandler                           build/startup_stm32f401xe.o
DMA1_Stream4_IRQHandler                           build/startup_stm32f401xe.o
DMA1_Stream5_IRQHandler                           build/startup_stm32f401xe.o
DMA1_Stream6_IRQHandler                           build/startup_stm32f401xe.o
DMA1_Stream7_IRQHandler                           build/startup_stm32f401xe.o
DMA2_Stream0_IRQHandler                           build/startup_stm32f401xe.o
DMA2_Stream1_IRQHandler                           build/startup_stm32f401xe.o
DMA2_Stream2_IRQHandler                           build/startup_stm32f401xe.o
DMA2_Stream3_IRQHandler                           build/startup_stm32f401xe.o
DMA2_Stream4_IRQHandler                           build/startup_stm32f401xe.o
DMA2_Stream5_IRQHandler                           build/startup_stm32f401xe.o
DMA2_Stream6_IRQHandler                           build/startup_stm32f401xe.o
DMA2_Stream7_IRQHandler                           build/startup_stm32f401xe.o
DebugMon_Handler                                  build/startup_stm32f401xe.o
Default_Handler                                   build/startup_stm32f401xe.o
EXTI0_IRQHandler                                  build/startup_stm32f401xe.o
EXTI15_10_IRQHandler                              build/startup_stm32f401xe.o
EXTI1_IRQHandler                                  build/startup_stm32f401xe.o
EXTI2_IRQHandler                                  build/startup_stm32f401xe.o
EXTI3_IRQHandler                                  build/startup_stm32f401xe.o
EXTI4_IRQHandler                                  build/startup_stm32f401xe.o
EXTI9_5_IRQHandler                                build/stm32f4xx_it.o
FLASH_Erase_Sector                                build/stm32f4xx_hal_flash_ex.o
                                                  build/stm32f4xx_hal_flash.o
FLASH_FlushCaches                                 build/stm32f4xx_hal_flash_ex.o
                                                  build/stm32f4xx_hal_flash.o
FLASH_IRQHandler                                  build/startup_stm32f401xe.o
FLASH_WaitForLastOperation                        build/stm32f4xx_hal_flash.o
                                                  build/stm32f4xx_hal_flash_ex.o
FPU_IRQHandler                                    build/startup_stm32f401xe.o
HAL_DBGMCU_DisableDBGSleepMode                    build/stm32f4xx_hal.o
HAL_DBGMCU_DisableDBGStandbyMode                  build/stm32f4xx_hal.o
HAL_DBGMCU_DisableDBGStopMode                     build/stm32f4xx_hal.o
HAL_DBGMCU_EnableDBGSleepMode                     build/stm32f4xx_hal.o
HAL_DBGMCU_EnableDBGStandbyMode                   build/stm32f4xx_hal.o
HAL_DBGMCU_EnableDBGStopMode                      build/stm32f4xx_hal.o
HAL_DMAEx_ChangeMemory                            build/stm32f4xx_hal_dma_ex.o
HAL_DMAEx_MultiBufferStart                        build/stm32f4xx_hal_dma_ex.o
HAL_DMAEx_MultiBufferStart_IT                     build/stm32f4xx_hal_dma_ex.o
HAL_DMA_Abort                                     build/stm32f4xx_hal_dma.o
                                                  build/stm32f4xx_hal_uart.o
HAL_DMA_Abort_IT                                  build/stm32f4xx_hal_dma.o
                                                  build/stm32f4xx_hal_uart.o
HAL_DMA_DeInit                                    build/stm32f4xx_hal_dma.o
HAL_DMA_GetError                                  build/stm32f4xx_hal_dma.o
HAL_DMA_GetState                                  build/stm32f4xx_hal_dma.o
HAL_DMA_IRQHandler                                build/stm32f4xx_hal_dma.o
HAL_DMA_Init                                      build/stm32f4xx_hal_dma.o
HAL_DMA_PollForTransfer                           build/stm32f4xx_hal_dma.o
HAL_DMA_RegisterCallback                          build/stm32f4xx_hal_dma.o
HAL_DMA_Start                                     build/stm32f4xx_hal_dma.o
HAL_DMA_Start_IT                                  build/stm32f4xx_hal_dma.o
                                                  build/stm32f4xx_hal_uart.o
HAL_DMA_UnRegisterCallback                        build/stm32f4xx_hal_dma.o
HAL_DeInit                                        build/stm32f4xx_hal.o
HAL_Delay                                         build/stm32f4xx_hal.o
                                                  build/lcd.o
HAL_DisableCompensationCell                       build/stm32f4xx_hal.o
HAL_EnableCompensationCell                        build/stm32f4xx_hal.o
HAL_FLASHEx_AdvOBGetConfig                        build/stm32f4xx_hal_flash_ex.o
HAL_FLASHEx_AdvOBProgram                          build/stm32f4xx_hal_flash_ex.o
HAL_FLASHEx_Erase                                 build/stm32f4xx_hal_flash_ex.o
HAL_FLASHEx_Erase_IT                              build/stm32f4xx_hal_flash_ex.o
HAL_FLASHEx_OBGetConfig                           build/stm32f4xx_hal_flash_ex.o
HAL_FLASHEx_OBProgram                             build/stm32f4xx_hal_flash_ex.o
HAL_FLASHEx_OB_DeSelectPCROP                      build/stm32f4xx_hal_flash_ex.o
HAL_FLASHEx_OB_SelectPCROP                        build/stm32f4xx_hal_flash_ex.o
HAL_FLASH_EndOfOperationCallback                  build/stm32f4xx_hal_flash.o
HAL_FLASH_GetError                                build/stm32f4xx_hal_flash.o
HAL_FLASH_IRQHandler                              build/stm32f4xx_hal_flash.o
HAL_FLASH_Lock                                    build/stm32f4xx_hal_flash.o
HAL_FLASH_OB_Launch                               build/stm32f4xx_hal_flash.o
HAL_FLASH_OB_Lock                                 build/stm32f4xx_hal_flash.o
HAL_FLASH_OB_Unlock                               build/stm32f4xx_hal_flash.o
HAL_FLASH_OperationErrorCallback                  build/stm32f4xx_hal_flash.o
HAL_FLASH_Program                                 build/stm32f4xx_hal_flash.o
HAL_FLASH_Program_IT                              build/stm32f4xx_hal_flash.o
HAL_FLASH_Unlock                                  build/stm32f4xx_hal_flash.o
HAL_GPIO_DeInit                                   build/stm32f4xx_hal_gpio.o
                                                  build/lcd.o
                                                  build/usart.o
HAL_GPIO_EXTI_Callback                            build/stm32f4xx_it.o
                                                  build/stm32f4xx_hal_gpio.o
HAL_GPIO_EXTI_IRQHandler                          build/stm32f4xx_hal_gpio.o
                                                  build/stm32f4xx_it.o
HAL_GPIO_Init                                     build/stm32f4xx_hal_gpio.o
                                                  build/lcd.o
                                                  build/stm32f4xx_hal_rcc.o
                                                  build/usart.o
                                                  build/gpio.o
HAL_GPIO_LockPin                                  build/stm32f4xx_hal_gpio.o
HAL_GPIO_ReadPin                                  build/stm32f4xx_hal_gpio.o
                                                  build/stm32f4xx_it.o
                                                  build/lcd.o
HAL_GPIO_TogglePin                                build/stm32f4xx_hal_gpio.o
HAL_GPIO_WritePin                                 build/stm32f4xx_hal_gpio.o
                                                  build/stm32f4xx_it.o
                                                  build/lcd.o
                                                  build/gpio.o
HAL_GetDEVID                                      build/stm32f4xx_hal.o
HAL_GetHalVersion                                 build/stm32f4xx_hal.o
HAL_GetREVID                                      build/stm32f4xx_hal.o
HAL_GetTick                                       build/stm32f4xx_hal.o
                                                  build/stm32f4xx_hal_rcc.o
                                                  build/stm32f4xx_hal_rcc_ex.o
                                                  build/stm32f4xx_hal_flash.o
                                                  build/stm32f4xx_hal_pwr_ex.o
                                                  build/stm32f4xx_hal_uart.o
                                                  build/stm32f4xx_hal_dma.o
HAL_GetTickFreq                                   build/stm32f4xx_hal.o
HAL_GetTickPrio                                   build/stm32f4xx_hal.o
HAL_GetUID                                        build/stm32f4xx_hal.o
HAL_HalfDuplex_EnableReceiver                     build/stm32f4xx_hal_uart.o
HAL_HalfDuplex_EnableTransmitter                  build/stm32f4xx_hal_uart.o
HAL_HalfDuplex_Init                               build/stm32f4xx_hal_uart.o
HAL_IncTick                                       build/stm32f4xx_hal.o
                                                  build/stm32f4xx_it.o
HAL_Init                                          build/stm32f4xx_hal.o
                                                  build/main.o
HAL_InitTick                                      build/stm32f4xx_hal.o
                                                  build/stm32f4xx_hal_rcc.o
                                                  build/stm32f4xx_hal_rcc_ex.o
HAL_LIN_Init                                      build/stm32f4xx_hal_uart.o
HAL_LIN_SendBreak                                 build/stm32f4xx_hal_uart.o
HAL_MPU_ConfigRegion                              build/stm32f4xx_hal_cortex.o
HAL_MPU_Disable                                   build/stm32f4xx_hal_cortex.o
HAL_MPU_Enable                                    build/stm32f4xx_hal_cortex.o
HAL_MspDeInit                                     build/stm32f4xx_hal.o
HAL_MspInit                                       build/stm32f4xx_hal_msp.o
                                                  build/stm32f4xx_hal.o
HAL_MultiProcessor_EnterMuteMode                  build/stm32f4xx_hal_uart.o
HAL_MultiProcessor_ExitMuteMode                   build/stm32f4xx_hal_uart.o
HAL_MultiProcessor_Init                           build/stm32f4xx_hal_uart.o
HAL_NVIC_ClearPendingIRQ                          build/stm32f4xx_hal_cortex.o
HAL_NVIC_DisableIRQ                               build/stm32f4xx_hal_cortex.o
HAL_NVIC_EnableIRQ                                build/stm32f4xx_hal_cortex.o
                                                  build/gpio.o
HAL_NVIC_GetActive                                build/stm32f4xx_hal_cortex.o
HAL_NVIC_GetPendingIRQ                            build/stm32f4xx_hal_cortex.o
HAL_NVIC_GetPriority                              build/stm32f4xx_hal_cortex.o
HAL_NVIC_GetPriorityGrouping                      build/stm32f4xx_hal_cortex.o
HAL_NVIC_SetPendingIRQ                            build/stm32f4xx_hal_cortex.o
HAL_NVIC_SetPriority                              build/stm32f4xx_hal_cortex.o
                                                  build/stm32f4xx_hal_msp.o
                                                  build/main.o
                                                  build/gpio.o
                                                  build/stm32f4xx_hal.o
HAL_NVIC_SetPriorityGrouping                      build/stm32f4xx_hal_cortex.o
                                                  build/stm32f4xx_hal_msp.o
                                                  build/stm32f4xx_hal.o
HAL_NVIC_SystemReset                              build/stm32f4xx_hal_cortex.o
HAL_PWREx_ControlVoltageScaling                   build/stm32f4xx_hal_pwr_ex.o
HAL_PWREx_DisableBkUpReg                          build/stm32f4xx_hal_pwr_ex.o
HAL_PWREx_DisableFlashPowerDown                   build/stm32f4xx_hal_pwr_ex.o
HAL_PWREx_DisableLowRegulatorLowVoltage           build/stm32f4xx_hal_pwr_ex.o
HAL_PWREx_DisableMainRegulatorLowVoltage          build/stm32f4xx_hal_pwr_ex.o
HAL_PWREx_EnableBkUpReg                           build/stm32f4xx_hal_pwr_ex.o
HAL_PWREx_EnableFlashPowerDown                    build/stm32f4xx_hal_pwr_ex.o
HAL_PWREx_EnableLowRegulatorLowVoltage            build/stm32f4xx_hal_pwr_ex.o
HAL_PWREx_EnableMainRegulatorLowVoltage           build/stm32f4xx_hal_pwr_ex.o
HAL_PWREx_GetVoltageRange                         build/stm32f4xx_hal_pwr_ex.o
HAL_PWR_ConfigPVD                                 build/stm32f4xx_hal_pwr.o
HAL_PWR_DeInit                                    build/stm32f4xx_hal_pwr.o
HAL_PWR_DisableBkUpAccess                         build/stm32f4xx_hal_pwr.o
HAL_PWR_DisablePVD                                build/stm32f4xx_hal_pwr.o
HAL_PWR_DisableSEVOnPend                          build/stm32f4xx_hal_pwr.o
HAL_PWR_DisableSleepOnExit                        build/stm32f4xx_hal_pwr.o
HAL_PWR_DisableWakeUpPin                          build/stm32f4xx_hal_pwr.o
HAL_PWR_EnableBkUpAccess                          build/stm32f4xx_hal_pwr.o
HAL_PWR_EnablePVD                                 build/stm32f4xx_hal_pwr.o
HAL_PWR_EnableSEVOnPend                           build/stm32f4xx_hal_pwr.o
HAL_PWR_EnableSleepOnExit                         build/stm32f4xx_hal_pwr.o
HAL_PWR_EnableWakeUpPin                           build/stm32f4xx_hal_pwr.o
HAL_PWR_EnterSLEEPMode                            build/stm32f4xx_hal_pwr.o
HAL_PWR_EnterSTANDBYMode                          build/stm32f4xx_hal_pwr.o
HAL_PWR_EnterSTOPMode                             build/stm32f4xx_hal_pwr.o
HAL_PWR_PVDCallback                               build/stm32f4xx_hal_pwr.o
HAL_PWR_PVD_IRQHandler                            build/stm32f4xx_hal_pwr.o
HAL_RCCEx_DisablePLLI2S                           build/stm32f4xx_hal_rcc_ex.o
HAL_RCCEx_EnablePLLI2S                            build/stm32f4xx_hal_rcc_ex.o
HAL_RCCEx_GetPeriphCLKConfig                      build/stm32f4xx_hal_rcc_ex.o
HAL_RCCEx_GetPeriphCLKFreq                        build/stm32f4xx_hal_rcc_ex.o
HAL_RCCEx_PeriphCLKConfig                         build/stm32f4xx_hal_rcc_ex.o
HAL_RCC_CSSCallback                               build/stm32f4xx_hal_rcc.o
HAL_RCC_ClockConfig                               build/stm32f4xx_hal_rcc.o
                                                  build/main.o
HAL_RCC_DeInit                                    build/stm32f4xx_hal_rcc_ex.o
HAL_RCC_DisableCSS                                build/stm32f4xx_hal_rcc.o
HAL_RCC_EnableCSS                                 build/stm32f4xx_hal_rcc.o
HAL_RCC_GetClockConfig                            build/stm32f4xx_hal_rcc.o
HAL_RCC_GetHCLKFreq                               build/stm32f4xx_hal_rcc.o
                                                  build/main.o
HAL_RCC_GetOscConfig                              build/stm32f4xx_hal_rcc.o
HAL_RCC_GetPCLK1Freq                              build/stm32f4xx_hal_rcc.o
                                                  build/stm32f4xx_hal_uart.o
HAL_RCC_GetPCLK2Freq                              build/stm32f4xx_hal_rcc.o
                                                  build/stm32f4xx_hal_uart.o
HAL_RCC_GetSysClockFreq                           build/stm32f4xx_hal_rcc.o
HAL_RCC_MCOConfig                                 build/stm32f4xx_hal_rcc.o
HAL_RCC_NMI_IRQHandler                            build/stm32f4xx_hal_rcc.o
HAL_RCC_OscConfig                                 build/stm32f4xx_hal_rcc.o
                                                  build/main.o
HAL_ResumeTick                                    build/stm32f4xx_hal.o
HAL_SYSTICK_CLKSourceConfig                       build/stm32f4xx_hal_cortex.o
                                                  build/main.o
HAL_SYSTICK_Callback                              build/stm32f4xx_hal_cortex.o
HAL_SYSTICK_Config                                build/stm32f4xx_hal_cortex.o
                                                  build/main.o
                                                  build/stm32f4xx_hal.o
HAL_SYSTICK_IRQHandler                            build/stm32f4xx_hal_cortex.o
                                                  build/stm32f4xx_it.o
HAL_SetTickFreq                                   build/stm32f4xx_hal.o
HAL_SuspendTick                                   build/stm32f4xx_hal.o
HAL_UART_Abort                                    build/stm32f4xx_hal_uart.o
HAL_UART_AbortCpltCallback                        build/stm32f4xx_hal_uart.o
HAL_UART_AbortReceive                             build/stm32f4xx_hal_uart.o
HAL_UART_AbortReceiveCpltCallback                 build/stm32f4xx_hal_uart.o
HAL_UART_AbortReceive_IT                          build/stm32f4xx_hal_uart.o
HAL_UART_AbortTransmit                            build/stm32f4xx_hal_uart.o
HAL_UART_AbortTransmitCpltCallback                build/stm32f4xx_hal_uart.o
HAL_UART_AbortTransmit_IT                         build/stm32f4xx_hal_uart.o
HAL_UART_Abort_IT                                 build/stm32f4xx_hal_uart.o
HAL_UART_DMAPause                                 build/stm32f4xx_hal_uart.o
HAL_UART_DMAResume                                build/stm32f4xx_hal_uart.o
HAL_UART_DMAStop                                  build/stm32f4xx_hal_uart.o
HAL_UART_DeInit                                   build/stm32f4xx_hal_uart.o
HAL_UART_ErrorCallback                            build/stm32f4xx_hal_uart.o
HAL_UART_GetError                                 build/stm32f4xx_hal_uart.o
HAL_UART_GetState                                 build/stm32f4xx_hal_uart.o
HAL_UART_IRQHandler                               build/stm32f4xx_hal_uart.o
HAL_UART_Init                                     build/stm32f4xx_hal_uart.o
                                                  build/usart.o
HAL_UART_MspDeInit                                build/usart.o
                                                  build/stm32f4xx_hal_uart.o
HAL_UART_MspInit                                  build/usart.o
                                                  build/stm32f4xx_hal_uart.o
HAL_UART_Receive                                  build/stm32f4xx_hal_uart.o
HAL_UART_Receive_DMA                              build/stm32f4xx_hal_uart.o
HAL_UART_Receive_IT                               build/stm32f4xx_hal_uart.o
HAL_UART_RxCpltCallback                           build/stm32f4xx_hal_uart.o
HAL_UART_RxHalfCpltCallback                       build/stm32f4xx_hal_uart.o
HAL_UART_Transmit                                 build/stm32f4xx_hal_uart.o
HAL_UART_Transmit_DMA                             build/stm32f4xx_hal_uart.o
HAL_UART_Transmit_IT                              build/stm32f4xx_hal_uart.o
HAL_UART_TxCpltCallback                           build/stm32f4xx_hal_uart.o
HAL_UART_TxHalfCpltCallback                       build/stm32f4xx_hal_uart.o
HardFault_Handler                                 build/startup_stm32f401xe.o
I2C1_ER_IRQHandler                                build/startup_stm32f401xe.o
I2C1_EV_IRQHandler                                build/startup_stm32f401xe.o
I2C2_ER_IRQHandler                                build/startup_stm32f401xe.o
I2C2_EV_IRQHandler                                build/startup_stm32f401xe.o
I2C3_ER_IRQHandler                                build/startup_stm32f401xe.o
I2C3_EV_IRQHandler                                build/startup_stm32f401xe.o
InstructionClearDisplay                           build/lcd.o
InstructionCurseurPosition                        build/lcd.o
InstructionDisplay                                build/lcd.o
InstructionEntryModeSet                           build/lcd.o
InstructionFunctionSet                            build/lcd.o
InstructionFunctionSetStart                       build/lcd.o
InstructionReturnHome                             build/lcd.o
LCDInit                                           build/lcd.o
                                                  build/main.o
LCDInterfaceInitialisation                        build/lcd.o
LCDSendChar                                       build/lcd.o
LCDSendInstruction                                build/lcd.o
LCDSendText                                       build/lcd.o
                                                  build/main.o
MX_GPIO_Init                                      build/gpio.o
                                                  build/main.o
MX_USART2_UART_Init                               build/usart.o
                                                  build/main.o
MemManage_Handler                                 build/startup_stm32f401xe.o
MoveCursor                                        build/lcd.o
                                                  build/stm32f4xx_it.o
MoveScreen                                        build/lcd.o
NMI_Handler                                       build/startup_stm32f401xe.o
OTG_FS_IRQHandler                                 build/startup_stm32f401xe.o
OTG_FS_WKUP_IRQHandler                            build/startup_stm32f401xe.o
OperationEnCours                                  build/lcd.o
PVD_IRQHandler                                    build/startup_stm32f401xe.o
PendSV_Handler                                    build/startup_stm32f401xe.o
PinChangeMode                                     build/lcd.o
RCC_IRQHandler                                    build/startup_stm32f401xe.o
RTC_Alarm_IRQHandler                              build/startup_stm32f401xe.o
RTC_WKUP_IRQHandler                               build/startup_stm32f401xe.o
Reset_Handler                                     build/startup_stm32f401xe.o
SDIO_IRQHandler                                   build/startup_stm32f401xe.o
SPI1_IRQHandler                                   build/startup_stm32f401xe.o
SPI2_IRQHandler                                   build/startup_stm32f401xe.o
SPI3_IRQHandler                                   build/startup_stm32f401xe.o
SPI4_IRQHandler                                   build/startup_stm32f401xe.o
SVC_Handler                                       build/startup_stm32f401xe.o
SysTick_Handler                                   build/stm32f4xx_it.o
SystemClock_Config                                build/main.o
SystemCoreClock                                   build/system_stm32f4xx.o
                                                  build/stm32f4xx_hal_rcc.o
                                                  build/stm32f4xx_hal_rcc_ex.o
                                                  build/stm32f4xx_hal.o
                                                  build/stm32f4xx_hal_dma.o
SystemCoreClockUpdate                             build/system_stm32f4xx.o
SystemInit                                        build/system_stm32f4xx.o
                                                  build/startup_stm32f401xe.o
TAMP_STAMP_IRQHandler                             build/startup_stm32f401xe.o
TIM1_BRK_TIM9_IRQHandler                          build/startup_stm32f401xe.o
TIM1_CC_IRQHandler                                build/startup_stm32f401xe.o
TIM1_TRG_COM_TIM11_IRQHandler                     build/startup_stm32f401xe.o
TIM1_UP_TIM10_IRQHandler                          build/startup_stm32f401xe.o
TIM2_IRQHandler                                   build/startup_stm32f401xe.o
TIM3_IRQHandler                                   build/startup_stm32f401xe.o
TIM4_IRQHandler                                   build/startup_stm32f401xe.o
TIM5_IRQHandler                                   build/startup_stm32f401xe.o
USART1_IRQHandler                                 build/startup_stm32f401xe.o
USART2_IRQHandler                                 build/startup_stm32f401xe.o
USART6_IRQHandler                                 build/startup_stm32f401xe.o
UsageFault_Handler                                build/startup_stm32f401xe.o
WWDG_IRQHandler                                   build/startup_stm32f401xe.o
_Error_Handler                                    build/main.o
                                                  build/usart.o
_ITM_deregisterTMCloneTable                       /usr/lib/gcc/arm-none-eabi/5.4.1/armv7e-m/fpu/crtbegin.o
_ITM_registerTMCloneTable                         /usr/lib/gcc/arm-none-eabi/5.4.1/armv7e-m/fpu/crtbegin.o
_Jv_RegisterClasses                               /usr/lib/gcc/arm-none-eabi/5.4.1/armv7e-m/fpu/crtbegin.o
__TMC_END__                                       /usr/lib/gcc/arm-none-eabi/5.4.1/armv7e-m/fpu/crtend.o
                                                  /usr/lib/gcc/arm-none-eabi/5.4.1/armv7e-m/fpu/crtbegin.o
__aeabi_idiv0                                     /usr/lib/gcc/arm-none-eabi/5.4.1/armv7e-m/fpu/libgcc.a(_dvmd_tls.o)
__aeabi_ldiv0                                     /usr/lib/gcc/arm-none-eabi/5.4.1/armv7e-m/fpu/libgcc.a(_dvmd_tls.o)
                                                  /usr/lib/gcc/arm-none-eabi/5.4.1/armv7e-m/fpu/libgcc.a(_aeabi_uldivmod.o)
__aeabi_uldivmod                                  /usr/lib/gcc/arm-none-eabi/5.4.1/armv7e-m/fpu/libgcc.a(_aeabi_uldivmod.o)
                                                  build/stm32f4xx_hal_rcc.o
__atexit_dummy                                    /usr/lib/gcc/arm-none-eabi/5.4.1/../../../arm-none-eabi/lib/armv7e-m/fpu/libc_nano.a(lib_a-__atexit.o)
__bss_end__                                       /usr/lib/gcc/arm-none-eabi/5.4.1/../../../arm-none-eabi/lib/armv7e-m/fpu/crt0.o
__bss_start__                                     /usr/lib/gcc/arm-none-eabi/5.4.1/../../../arm-none-eabi/lib/armv7e-m/fpu/crt0.o
__call_exitprocs                                  /usr/lib/gcc/arm-none-eabi/5.4.1/../../../arm-none-eabi/lib/armv7e-m/fpu/libc_nano.a(lib_a-__call_atexit.o)
                                                  /usr/lib/gcc/arm-none-eabi/5.4.1/../../../arm-none-eabi/lib/armv7e-m/fpu/libc_nano.a(lib_a-__atexit.o)
                                                  /usr/lib/gcc/arm-none-eabi/5.4.1/../../../arm-none-eabi/lib/armv7e-m/fpu/libc_nano.a(lib_a-exit.o)
__deregister_frame_info                           /usr/lib/gcc/arm-none-eabi/5.4.1/armv7e-m/fpu/crtbegin.o
__dso_handle                                      /usr/lib/gcc/arm-none-eabi/5.4.1/armv7e-m/fpu/crtbegin.o
__fini_array_end                                  /usr/lib/gcc/arm-none-eabi/5.4.1/../../../arm-none-eabi/lib/armv7e-m/fpu/libc_nano.a(lib_a-fini.o)
__fini_array_start                                /usr/lib/gcc/arm-none-eabi/5.4.1/../../../arm-none-eabi/lib/armv7e-m/fpu/libc_nano.a(lib_a-fini.o)
__init_array_end                                  /usr/lib/gcc/arm-none-eabi/5.4.1/../../../arm-none-eabi/lib/armv7e-m/fpu/libc_nano.a(lib_a-init.o)
__init_array_start                                /usr/lib/gcc/arm-none-eabi/5.4.1/../../../arm-none-eabi/lib/armv7e-m/fpu/libc_nano.a(lib_a-init.o)
__libc_fini_array                                 /usr/lib/gcc/arm-none-eabi/5.4.1/../../../arm-none-eabi/lib/armv7e-m/fpu/libc_nano.a(lib_a-fini.o)
                                                  /usr/lib/gcc/arm-none-eabi/5.4.1/../../../arm-none-eabi/lib/armv7e-m/fpu/crt0.o
__libc_init_array                                 /usr/lib/gcc/arm-none-eabi/5.4.1/../../../arm-none-eabi/lib/armv7e-m/fpu/libc_nano.a(lib_a-init.o)
                                                  build/startup_stm32f401xe.o
                                                  /usr/lib/gcc/arm-none-eabi/5.4.1/../../../arm-none-eabi/lib/armv7e-m/fpu/crt0.o
__on_exit_args                                    /usr/lib/gcc/arm-none-eabi/5.4.1/../../../arm-none-eabi/lib/armv7e-m/fpu/libc_nano.a(lib_a-__atexit.o)
__preinit_array_end                               /usr/lib/gcc/arm-none-eabi/5.4.1/../../../arm-none-eabi/lib/armv7e-m/fpu/libc_nano.a(lib_a-init.o)
__preinit_array_start                             /usr/lib/gcc/arm-none-eabi/5.4.1/../../../arm-none-eabi/lib/armv7e-m/fpu/libc_nano.a(lib_a-init.o)
__register_exitproc                               /usr/lib/gcc/arm-none-eabi/5.4.1/../../../arm-none-eabi/lib/armv7e-m/fpu/libc_nano.a(lib_a-__atexit.o)
                                                  /usr/lib/gcc/arm-none-eabi/5.4.1/../../../arm-none-eabi/lib/armv7e-m/fpu/libc_nano.a(lib_a-atexit.o)
__register_frame_info                             /usr/lib/gcc/arm-none-eabi/5.4.1/armv7e-m/fpu/crtbegin.o
__sf_fake_stderr                                  /usr/lib/gcc/arm-none-eabi/5.4.1/../../../arm-none-eabi/lib/armv7e-m/fpu/libc_nano.a(lib_a-impure.o)
__sf_fake_stdin                                   /usr/lib/gcc/arm-none-eabi/5.4.1/../../../arm-none-eabi/lib/armv7e-m/fpu/libc_nano.a(lib_a-impure.o)
__sf_fake_stdout                                  /usr/lib/gcc/arm-none-eabi/5.4.1/../../../arm-none-eabi/lib/armv7e-m/fpu/libc_nano.a(lib_a-impure.o)
__stack                                           /usr/lib/gcc/arm-none-eabi/5.4.1/../../../arm-none-eabi/lib/armv7e-m/fpu/crt0.o
__udivmoddi4                                      /usr/lib/gcc/arm-none-eabi/5.4.1/armv7e-m/fpu/libgcc.a(_udivmoddi4.o)
                                                  /usr/lib/gcc/arm-none-eabi/5.4.1/armv7e-m/fpu/libgcc.a(_aeabi_uldivmod.o)
_ebss                                             build/startup_stm32f401xe.o
_edata                                            build/startup_stm32f401xe.o
_estack                                           build/startup_stm32f401xe.o
_exit                                             /usr/lib/gcc/arm-none-eabi/5.4.1/../../../arm-none-eabi/lib/armv7e-m/fpu/libnosys.a(_exit.o)
                                                  /usr/lib/gcc/arm-none-eabi/5.4.1/../../../arm-none-eabi/lib/armv7e-m/fpu/libc_nano.a(lib_a-exit.o)
_fini                                             /usr/lib/gcc/arm-none-eabi/5.4.1/armv7e-m/fpu/crti.o
                                                  /usr/lib/gcc/arm-none-eabi/5.4.1/../../../arm-none-eabi/lib/armv7e-m/fpu/libc_nano.a(lib_a-fini.o)
_global_atexit                                    /usr/lib/gcc/arm-none-eabi/5.4.1/../../../arm-none-eabi/lib/armv7e-m/fpu/libc_nano.a(lib_a-__call_atexit.o)
                                                  /usr/lib/gcc/arm-none-eabi/5.4.1/../../../arm-none-eabi/lib/armv7e-m/fpu/libc_nano.a(lib_a-__atexit.o)
_global_impure_ptr                                /usr/lib/gcc/arm-none-eabi/5.4.1/../../../arm-none-eabi/lib/armv7e-m/fpu/libc_nano.a(lib_a-impure.o)
                                                  /usr/lib/gcc/arm-none-eabi/5.4.1/../../../arm-none-eabi/lib/armv7e-m/fpu/libc_nano.a(lib_a-exit.o)
_impure_ptr                                       /usr/lib/gcc/arm-none-eabi/5.4.1/../../../arm-none-eabi/lib/armv7e-m/fpu/libc_nano.a(lib_a-impure.o)
_init                                             /usr/lib/gcc/arm-none-eabi/5.4.1/armv7e-m/fpu/crti.o
                                                  /usr/lib/gcc/arm-none-eabi/5.4.1/../../../arm-none-eabi/lib/armv7e-m/fpu/libc_nano.a(lib_a-init.o)
_mainCRTStartup                                   /usr/lib/gcc/arm-none-eabi/5.4.1/../../../arm-none-eabi/lib/armv7e-m/fpu/crt0.o
_sbss                                             build/startup_stm32f401xe.o
_sdata                                            build/startup_stm32f401xe.o
_sidata                                           build/startup_stm32f401xe.o
_start                                            /usr/lib/gcc/arm-none-eabi/5.4.1/../../../arm-none-eabi/lib/armv7e-m/fpu/crt0.o
atexit                                            /usr/lib/gcc/arm-none-eabi/5.4.1/../../../arm-none-eabi/lib/armv7e-m/fpu/libc_nano.a(lib_a-atexit.o)
                                                  /usr/lib/gcc/arm-none-eabi/5.4.1/../../../arm-none-eabi/lib/armv7e-m/fpu/crt0.o
exit                                              /usr/lib/gcc/arm-none-eabi/5.4.1/../../../arm-none-eabi/lib/armv7e-m/fpu/libc_nano.a(lib_a-exit.o)
                                                  /usr/lib/gcc/arm-none-eabi/5.4.1/../../../arm-none-eabi/lib/armv7e-m/fpu/crt0.o
free                                              /usr/lib/gcc/arm-none-eabi/5.4.1/../../../arm-none-eabi/lib/armv7e-m/fpu/libc_nano.a(lib_a-__call_atexit.o)
g_pfnVectors                                      build/startup_stm32f401xe.o
hardware_init_hook                                /usr/lib/gcc/arm-none-eabi/5.4.1/../../../arm-none-eabi/lib/armv7e-m/fpu/crt0.o
huart2                                            build/usart.o
interface                                         build/main.o
                                                  build/stm32f4xx_it.o
main                                              build/main.o
                                                  build/startup_stm32f401xe.o
                                                  /usr/lib/gcc/arm-none-eabi/5.4.1/../../../arm-none-eabi/lib/armv7e-m/fpu/crt0.o
malloc                                            /usr/lib/gcc/arm-none-eabi/5.4.1/../../../arm-none-eabi/lib/armv7e-m/fpu/libc_nano.a(lib_a-__atexit.o)
memset                                            /usr/lib/gcc/arm-none-eabi/5.4.1/../../../arm-none-eabi/lib/armv7e-m/fpu/libc_nano.a(lib_a-memset.o)
                                                  /usr/lib/gcc/arm-none-eabi/5.4.1/../../../arm-none-eabi/lib/armv7e-m/fpu/crt0.o
pFlash                                            build/stm32f4xx_hal_flash.o
                                                  build/stm32f4xx_hal_flash_ex.o
software_init_hook                                /usr/lib/gcc/arm-none-eabi/5.4.1/../../../arm-none-eabi/lib/armv7e-m/fpu/crt0.o
strlen                                            /usr/lib/gcc/arm-none-eabi/5.4.1/../../../arm-none-eabi/lib/armv7e-m/fpu/libc_nano.a(lib_a-strlen.o)
                                                  build/lcd.o
uwTick                                            build/stm32f4xx_hal.o
uwTickFreq                                        build/stm32f4xx_hal.o
uwTickPrio                                        build/stm32f4xx_hal.o
